
> bhavya-portfolio@0.0.0 build
> vite build

[36mvite v5.4.21 [32mbuilding for production...[36m[39m
transforming...
[32m✓[39m 1930 modules transformed.
[31mx[39m Build failed in 3.91s
[31merror during build:
[31msrc/components/Skills.jsx (2:34): "Tool" is not exported by "node_modules/lucide-react/dist/esm/lucide-react.js", imported by "src/components/Skills.jsx".[31m
file: [36mC:/Users/BhavyaTelukuntla/OneDrive/Desktop/Bhavya Portfolio/src/components/Skills.jsx:2:34[31m
[33m
1: import { motion } from 'framer-motion';
2: import { Code2, Database, Layout, Tool, Shield, GitCommit, FileCode2, Target, BarChart, Server } from 'lucide-react';
                                     ^
3: 
4: const skillsData = [
[31m
    at getRollupError (file:///C:/Users/BhavyaTelukuntla/OneDrive/Desktop/Bhavya%20Portfolio/node_modules/rollup/dist/es/shared/parseAst.js:402:41)
    at error (file:///C:/Users/BhavyaTelukuntla/OneDrive/Desktop/Bhavya%20Portfolio/node_modules/rollup/dist/es/shared/parseAst.js:398:42)
    at Module.error (file:///C:/Users/BhavyaTelukuntla/OneDrive/Desktop/Bhavya%20Portfolio/node_modules/rollup/dist/es/shared/node-entry.js:17040:16)
    at Module.traceVariable (file:///C:/Users/BhavyaTelukuntla/OneDrive/Desktop/Bhavya%20Portfolio/node_modules/rollup/dist/es/shared/node-entry.js:17452:29)
    at ModuleScope.findVariable (file:///C:/Users/BhavyaTelukuntla/OneDrive/Desktop/Bhavya%20Portfolio/node_modules/rollup/dist/es/shared/node-entry.js:15070:39)
    at Identifier.bind (file:///C:/Users/BhavyaTelukuntla/OneDrive/Desktop/Bhavya%20Portfolio/node_modules/rollup/dist/es/shared/node-entry.js:5447:40)
    at CallExpression.bind (file:///C:/Users/BhavyaTelukuntla/OneDrive/Desktop/Bhavya%20Portfolio/node_modules/rollup/dist/es/shared/node-entry.js:2825:28)
    at CallExpression.bind (file:///C:/Users/BhavyaTelukuntla/OneDrive/Desktop/Bhavya%20Portfolio/node_modules/rollup/dist/es/shared/node-entry.js:12179:15)
    at Property.bind (file:///C:/Users/BhavyaTelukuntla/OneDrive/Desktop/Bhavya%20Portfolio/node_modules/rollup/dist/es/shared/node-entry.js:2829:23)
    at ObjectExpression.bind (file:///C:/Users/BhavyaTelukuntla/OneDrive/Desktop/Bhavya%20Portfolio/node_modules/rollup/dist/es/shared/node-entry.js:2825:28)[39m
